[jocular-mooncake-185fc3.netlify.app/index9342.html]
[jocular-mooncake-185fc3.netlify.app/img/logo.png]
[jocular-mooncake-185fc3.netlify.app/css/app.min.css]
[jocular-mooncake-185fc3.netlify.app/js/script.js]
[backblue.gif]
[fade.gif]
[index.html]
[jocular-mooncake-185fc3.netlify.app/img/main-picture.jpg]
[jocular-mooncake-185fc3.netlify.app/img/mic.jpg]
[jocular-mooncake-185fc3.netlify.app/img/video-img.jpg]
[jocular-mooncake-185fc3.netlify.app/img/cards-img-moon.jpg]
[jocular-mooncake-185fc3.netlify.app/img/cards-img-mask.jpg]
[jocular-mooncake-185fc3.netlify.app/img/cards-img-sparkle.jpg]
[jocular-mooncake-185fc3.netlify.app/img/cards-img-neon.jpg]
[jocular-mooncake-185fc3.netlify.app/img/showcase-design.jpg]
[jocular-mooncake-185fc3.netlify.app/img/showcase-illustration.jpg]
[jocular-mooncake-185fc3.netlify.app/img/showcase-animation.jpg]
[jocular-mooncake-185fc3.netlify.app/img/showcase-creative.jpg]
[jocular-mooncake-185fc3.netlify.app/img/showcase-brand.jpg]
[jocular-mooncake-185fc3.netlify.app/img/showcase-concept.jpg]
[jocular-mooncake-185fc3.netlify.app/img/newsletter-img.jpg]
[jocular-mooncake-185fc3.netlify.app/img/recent-galaxy.jpg]
[jocular-mooncake-185fc3.netlify.app/img/recent-simple.jpg]
[jocular-mooncake-185fc3.netlify.app/img/recent-motion.jpg]
[jocular-mooncake-185fc3.netlify.app/img/recent-neon.jpg]
[jocular-mooncake-185fc3.netlify.app/index9342.html]
[jocular-mooncake-185fc3.netlify.app/css/app.min.css]
